autoconf
autogen
automake
bc
bison
build-essential
build-ssential
byacc
cairo
ccache
check
checkinstall
clang
cmake
cmake-curses-gui
cmake-data
device-tree-compiler
dfu-util
doxygen
file
flex
g++
gcc
gcc-multilib
gengetopt
gio-unix-2.0
git
glib2
glibc-doc
glibc-source
glib-networking
glib-networking-common
glib-networking-services
gmodule-2.0
g++-multilib
gperf
i3-wm
install
libasound2-dev
libbluetooth-dev
libcairo
libcairo2-dev
libcairo-xcb
libcurl4-openssl-dev
libdbus-1-dev
libev4
libgdk-pixbuf-2.0
libgdk-pixbuf-2.0-dev
libgdk-pixbuf2.0-dev
libgdk-pixbuf-xlib-2.0-dev
libgirepository1.0-dev
libgit2-dev
libglib2.0
libglib2.0-dev
libglib2.0-dev-bin
libglibmm-2.68-dev
libgmp3-dev
libjson-c-dev
libjsoncpp-dev
libjudy-dev
libmagic1
libmpdclient2
libmpdclient-dev
libnl-genl-3-dev
libpango
libpango1.0-dev
libpangocairo
libpangocairo-1.0-0
libpcap-dev
libpulse-dev
librsvg2
libsdl2-dev
libssh-dev
libssl-dev
libstartup-notification0-dev
libstartup-notification-1.0
libunistring-dev
libuv1-dev
libxcb
libxcb1-dev
libxcb-composite0
libxcb-composite0-dev
libxcb-cursor-dev
libxcb-ewmh
libxcb-ewmh-dev
libxcb-glx0-dev
libxcb-icccm
libxcb-icccm4-dev
libxcb-image0-dev
libxcb-imdkit-dev
libxcb-keysyms1-dev
libxcb-randr
libxcb-randr0-dev
libxcb-shape0-dev
libxcb-util0-dev
libxcb-util-dev
libxcb-xinerama
libxcb-xinerama0-dev
libxcb-xinput-dev
libxcb-xkb
libxcb-xkb-dev
libxcb-xrm0
libxcb-xrm-dev
libxcb-xtest0
libxkbcommon
libxkbcommon-dev
libxkbcommon-tools
libxkbcommon-x11
libxkbcommon-x11-dev
llvm-dev
make
makedev
meson
ninja-build
pango
patchelf
pkgconf
pkg-config
pv
python3-cairo-dev
python3-dev
python3-packaging
python3-pip
python3-setuptools
python3-sphinx
python3-tk
python3-virtualenv
python3-wheel
python3-xcbgen
startup-notification
xcb-imdkit
xcb-proto
xcb-util
xcb-util-cursor
xcb-util-wm
xcb-util-xrm
xz-utils
