armcord-git
athena-alacritty-config
athena-nvim-config
athena-vim-config
athena-zsh
autoconf
autogen
automake
bat
bc
betterlockscreen
bison
bluez
bluez-utils
boo-sddm-git
brightnessctl
bspwm
btop
cmake
cuda-tools
curl
dunst
eww-git
feh
ffcast
ffmpegthumbnailer
flex
gcc
geany
git
git
glfw-wayland
gnome-keyring
i3lock
imagemagick
jq
libwebp
llvm
lsd
maim
make
meson
mlocate
mpc
mpd
ncmpcpp
net-tools
networkmanager
ninja
ntfs-3g
nvidia-dkms
oh-my-zsh-git
openvpn
otf-droid-nerd
pacman-contrib
pamixer
papirus-icon-theme
pavucontrol
physlock
picom
playerctl
polkit-gnome
polybar
powerline
pv
python-pipx
python-virtualenv
qt5-graphicaleffects
qt5-quickcontrols2
qt5-svg
qt5-wayland
ranger
rofi
scrot
sddm
sxhkd
tdrop
thunar
tokyonight-gtk-theme
ttf-hack-nerd
ttf-inconsolata
ttf-jetbrains-mono-nerd
ttf-jetbrains-monottf-joypixels
ttf-terminus-nerd
ueberzug
vim-airline
vim-airline-themes
vundle-git
webp-pixbuf-loader
wget
xclip
xdg-user-dirs
xdotool
xfce4-taskmanager
xorg-xinit
xorg-xkill
xorg-xlsclients
xorg-xprop
xorg-xrandr
xorg-xsetroot
xorg-xwayland
xorg-xwininfo
zoxide
zsh-theme-powerlevel10k
